// Jest Snapshot v1, https://goo.gl/fbAQLP

exports[`Home component renders correctly 1`] = `
Object {
  "asFragment": [Function],
  "baseElement": <body>
    <div>
      <header
        class="MuiBox-root css-0"
      >
        <h1
          class="MuiTypography-root MuiTypography-h1 joke-show-title css-o2w69a-MuiTypography-root"
        >
          The joke show
        </h1>
      </header>
      <div
        class="MuiBox-root css-13800us"
      >
        <span
          style="width: 165px; font-size: 0px; display: inline-block;"
        >
          <span
            style="display: inline-block; background-color: rgb(188, 16, 1); width: 15px; height: 15px; margin: 20px; border-radius: 100%; animation-fill-mode: both; animation: react-spinners-GridLoader-grid 1.449700462412311s 0.649700462412311s infinite ease;"
          />
          <span
            style="display: inline-block; background-color: rgb(188, 16, 1); width: 15px; height: 15px; margin: 20px; border-radius: 100%; animation-fill-mode: both; animation: react-spinners-GridLoader-grid 1.108257280369949s 0.308257280369949s infinite ease;"
          />
          <span
            style="display: inline-block; background-color: rgb(188, 16, 1); width: 15px; height: 15px; margin: 20px; border-radius: 100%; animation-fill-mode: both; animation: react-spinners-GridLoader-grid 0.9639048369080766s 0.1639048369080766s infinite ease;"
          />
          <span
            style="display: inline-block; background-color: rgb(188, 16, 1); width: 15px; height: 15px; margin: 20px; border-radius: 100%; animation-fill-mode: both; animation: react-spinners-GridLoader-grid 1.2103211953515394s 0.4103211953515395s infinite ease;"
          />
          <span
            style="display: inline-block; background-color: rgb(188, 16, 1); width: 15px; height: 15px; margin: 20px; border-radius: 100%; animation-fill-mode: both; animation: react-spinners-GridLoader-grid 1.057863653137233s 0.2578636531372331s infinite ease;"
          />
          <span
            style="display: inline-block; background-color: rgb(188, 16, 1); width: 15px; height: 15px; margin: 20px; border-radius: 100%; animation-fill-mode: both; animation: react-spinners-GridLoader-grid 0.9537456633201263s 0.15374566332012635s infinite ease;"
          />
          <span
            style="display: inline-block; background-color: rgb(188, 16, 1); width: 15px; height: 15px; margin: 20px; border-radius: 100%; animation-fill-mode: both; animation: react-spinners-GridLoader-grid 1.5444658599987466s 0.7444658599987466s infinite ease;"
          />
          <span
            style="display: inline-block; background-color: rgb(188, 16, 1); width: 15px; height: 15px; margin: 20px; border-radius: 100%; animation-fill-mode: both; animation: react-spinners-GridLoader-grid 1.1383094710002966s 0.33830947100029646s infinite ease;"
          />
          <span
            style="display: inline-block; background-color: rgb(188, 16, 1); width: 15px; height: 15px; margin: 20px; border-radius: 100%; animation-fill-mode: both; animation: react-spinners-GridLoader-grid 0.9659755167146525s 0.16597551671465255s infinite ease;"
          />
        </span>
      </div>
    </div>
  </body>,
  "container": <div>
    <header
      class="MuiBox-root css-0"
    >
      <h1
        class="MuiTypography-root MuiTypography-h1 joke-show-title css-o2w69a-MuiTypography-root"
      >
        The joke show
      </h1>
    </header>
    <div
      class="MuiBox-root css-13800us"
    >
      <span
        style="width: 165px; font-size: 0px; display: inline-block;"
      >
        <span
          style="display: inline-block; background-color: rgb(188, 16, 1); width: 15px; height: 15px; margin: 20px; border-radius: 100%; animation-fill-mode: both; animation: react-spinners-GridLoader-grid 1.449700462412311s 0.649700462412311s infinite ease;"
        />
        <span
          style="display: inline-block; background-color: rgb(188, 16, 1); width: 15px; height: 15px; margin: 20px; border-radius: 100%; animation-fill-mode: both; animation: react-spinners-GridLoader-grid 1.108257280369949s 0.308257280369949s infinite ease;"
        />
        <span
          style="display: inline-block; background-color: rgb(188, 16, 1); width: 15px; height: 15px; margin: 20px; border-radius: 100%; animation-fill-mode: both; animation: react-spinners-GridLoader-grid 0.9639048369080766s 0.1639048369080766s infinite ease;"
        />
        <span
          style="display: inline-block; background-color: rgb(188, 16, 1); width: 15px; height: 15px; margin: 20px; border-radius: 100%; animation-fill-mode: both; animation: react-spinners-GridLoader-grid 1.2103211953515394s 0.4103211953515395s infinite ease;"
        />
        <span
          style="display: inline-block; background-color: rgb(188, 16, 1); width: 15px; height: 15px; margin: 20px; border-radius: 100%; animation-fill-mode: both; animation: react-spinners-GridLoader-grid 1.057863653137233s 0.2578636531372331s infinite ease;"
        />
        <span
          style="display: inline-block; background-color: rgb(188, 16, 1); width: 15px; height: 15px; margin: 20px; border-radius: 100%; animation-fill-mode: both; animation: react-spinners-GridLoader-grid 0.9537456633201263s 0.15374566332012635s infinite ease;"
        />
        <span
          style="display: inline-block; background-color: rgb(188, 16, 1); width: 15px; height: 15px; margin: 20px; border-radius: 100%; animation-fill-mode: both; animation: react-spinners-GridLoader-grid 1.5444658599987466s 0.7444658599987466s infinite ease;"
        />
        <span
          style="display: inline-block; background-color: rgb(188, 16, 1); width: 15px; height: 15px; margin: 20px; border-radius: 100%; animation-fill-mode: both; animation: react-spinners-GridLoader-grid 1.1383094710002966s 0.33830947100029646s infinite ease;"
        />
        <span
          style="display: inline-block; background-color: rgb(188, 16, 1); width: 15px; height: 15px; margin: 20px; border-radius: 100%; animation-fill-mode: both; animation: react-spinners-GridLoader-grid 0.9659755167146525s 0.16597551671465255s infinite ease;"
        />
      </span>
    </div>
  </div>,
  "debug": [Function],
  "findAllByAltText": [Function],
  "findAllByDisplayValue": [Function],
  "findAllByLabelText": [Function],
  "findAllByPlaceholderText": [Function],
  "findAllByRole": [Function],
  "findAllByTestId": [Function],
  "findAllByText": [Function],
  "findAllByTitle": [Function],
  "findByAltText": [Function],
  "findByDisplayValue": [Function],
  "findByLabelText": [Function],
  "findByPlaceholderText": [Function],
  "findByRole": [Function],
  "findByTestId": [Function],
  "findByText": [Function],
  "findByTitle": [Function],
  "getAllByAltText": [Function],
  "getAllByDisplayValue": [Function],
  "getAllByLabelText": [Function],
  "getAllByPlaceholderText": [Function],
  "getAllByRole": [Function],
  "getAllByTestId": [Function],
  "getAllByText": [Function],
  "getAllByTitle": [Function],
  "getByAltText": [Function],
  "getByDisplayValue": [Function],
  "getByLabelText": [Function],
  "getByPlaceholderText": [Function],
  "getByRole": [Function],
  "getByTestId": [Function],
  "getByText": [Function],
  "getByTitle": [Function],
  "queryAllByAltText": [Function],
  "queryAllByDisplayValue": [Function],
  "queryAllByLabelText": [Function],
  "queryAllByPlaceholderText": [Function],
  "queryAllByRole": [Function],
  "queryAllByTestId": [Function],
  "queryAllByText": [Function],
  "queryAllByTitle": [Function],
  "queryByAltText": [Function],
  "queryByDisplayValue": [Function],
  "queryByLabelText": [Function],
  "queryByPlaceholderText": [Function],
  "queryByRole": [Function],
  "queryByTestId": [Function],
  "queryByText": [Function],
  "queryByTitle": [Function],
  "rerender": [Function],
  "unmount": [Function],
}
`;
